
Memory Configuration

Name             Origin             Length             Attributes
vexriscv_debug   0x00000000f00f0000 0x0000000000000100
dff              0x0000000000000000 0x0000000000000400
dff2             0x0000000000000400 0x0000000000000200
flash            0x0000000010000000 0x0000000001000000
mprj             0x0000000030000000 0x0000000000100000
mprjram          0x0000000038000000 0x0000000000400000
hk               0x0000000026000000 0x0000000000100000
csr              0x00000000f0000000 0x0000000000010000
*default*        0x0000000000000000 0xffffffffffffffff

Linker script and memory map

                0x0000000000000000                __DYNAMIC = 0x0

.text           0x0000000010000000      0x184
                0x0000000010000000                _ftext = .
 *crt0*(.text)
 .text          0x0000000010000000      0x148 uart.elf-crt0_vex.o
                0x0000000010000000                _start
                0x0000000010000020                trap_entry
 *crt0*(.text)
 *(.text.isr)
                0x0000000010000148                _etext = .
 .text          0x0000000010000148       0x3c uart.elf-isr.o
                0x0000000010000148                isr
 .text          0x0000000010000184        0x0 uart.elf-uart.o
 .text          0x0000000010000184        0x0 uart.elf-app.o
 .text          0x0000000010000184        0x0 uart.elf-counter_la_uart.o

.mprj           0x0000000010000184       0xf8
 .mprj          0x0000000010000184       0xf8 uart.elf-uart.o
                0x0000000010000184                uart_write
                0x000000001000019c                uart_write_char
                0x00000000100001d8                uart_write_string
                0x0000000010000224                uart_read_char
                0x0000000010000254                uart_read

.text.startup   0x000000001000027c      0x128
 .text.startup  0x000000001000027c      0x128 uart.elf-counter_la_uart.o
                0x000000001000027c                main

.rela.dyn       0x00000000100003a4        0x0
 .rela.text     0x00000000100003a4        0x0 uart.elf-crt0_vex.o

.rodata         0x00000000100003a4        0x4
                0x00000000100003a8                . = ALIGN (0x8)
 *fill*         0x00000000100003a4        0x4 
                0x00000000100003a8                _frodata = .
 *(.rodata .rodata.* .gnu.linkonce.r.*)
 *(.rodata1)
                0x00000000100003a8                . = ALIGN (0x8)
                0x00000000100003a8                _erodata = .

.data           0x0000000000000000      0x1e0 load address 0x00000000100003a8
                0x0000000000000000                . = ALIGN (0x8)
                0x0000000000000000                _fdata = .
 *(.data .data.* .gnu.linkonce.d.*)
 .data          0x0000000000000000        0x0 uart.elf-crt0_vex.o
 .data          0x0000000000000000        0x0 uart.elf-isr.o
 .data          0x0000000000000000        0x0 uart.elf-uart.o
 .data          0x0000000000000000      0x1d8 uart.elf-app.o
                0x0000000000000000                inputs
                0x0000000000000058                A
                0x0000000000000080                Matx
                0x0000000000000100                MatB
                0x0000000000000140                MatA
                0x0000000000000180                inputsignal
                0x00000000000001ac                taps
 .data          0x00000000000001d8        0x0 uart.elf-counter_la_uart.o
 *(.data1)
                0x00000000000001e0                _gp = ALIGN (0x10)
 *(.sdata .sdata.* .gnu.linkonce.s.*)
 .sdata         0x00000000000001d8        0x4 uart.elf-isr.o
                0x00000000000001d8                counter
                0x00000000000001e0                . = ALIGN (0x8)
 *fill*         0x00000000000001dc        0x4 
                0x00000000000001e0                _edata = .

.bss            0x00000000000001e0       0x98 load address 0x0000000010000588
                0x00000000000001e0                . = ALIGN (0x8)
                0x00000000000001e0                _fbss = .
 *(.dynsbss)
 *(.sbss .sbss.* .gnu.linkonce.sb.*)
 *(.scommon)
 *(.dynbss)
 *(.bss .bss.* .gnu.linkonce.b.*)
 .bss           0x00000000000001e0        0x0 uart.elf-crt0_vex.o
 .bss           0x00000000000001e0        0x0 uart.elf-isr.o
 .bss           0x00000000000001e0        0x0 uart.elf-uart.o
 .bss           0x00000000000001e0       0x98 uart.elf-app.o
                0x00000000000001e0                result
                0x0000000000000220                outputsignal
                0x000000000000024c                inputbuffer
 .bss           0x0000000000000278        0x0 uart.elf-counter_la_uart.o
 *(COMMON)
                0x0000000000000278                . = ALIGN (0x8)
                0x0000000000000278                _ebss = .
                0x0000000000000278                _end = .

.mprjram        0x0000000038000000      0x180 load address 0x0000000010000588
                0x0000000038000000                . = ALIGN (0x8)
                0x0000000038000000                _fsram = .
 *libgcc.a:*(.text .text.*)
 .mprjram       0x0000000038000000      0x180 uart.elf-app.o
                0x0000000038000000                app
                0x0000000000000600                PROVIDE (_fstack = (ORIGIN (dff2) + LENGTH (dff2)))
                0x00000000100003a8                PROVIDE (_fdata_rom = LOADADDR (.data))
                [!provide]                        PROVIDE (_edata_rom = (LOADADDR (.data) + SIZEOF (.data)))
                0x0000000038000180                PROVIDE (_esram = (ORIGIN (mprjram) + SIZEOF (.mprjram)))
                0x0000000010000588                PROVIDE (_esram_rom = LOADADDR (.mprjram))
LOAD uart.elf-crt0_vex.o
LOAD uart.elf-isr.o
LOAD uart.elf-uart.o
LOAD uart.elf-app.o
LOAD uart.elf-counter_la_uart.o
LOAD /opt/riscv/lib/gcc/riscv32-unknown-elf/12.1.0/libgcc.a
START GROUP
LOAD /opt/riscv/lib/gcc/riscv32-unknown-elf/12.1.0/../../../../riscv32-unknown-elf/lib/libc.a
LOAD /opt/riscv/lib/gcc/riscv32-unknown-elf/12.1.0/../../../../riscv32-unknown-elf/lib/libgloss.a
END GROUP
LOAD /opt/riscv/lib/gcc/riscv32-unknown-elf/12.1.0/libgcc.a
OUTPUT(uart.elf elf32-littleriscv)

.riscv.attributes
                0x0000000000000000       0x20
 .riscv.attributes
                0x0000000000000000       0x1e uart.elf-crt0_vex.o
 .riscv.attributes
                0x000000000000001e       0x20 uart.elf-isr.o
 .riscv.attributes
                0x000000000000003e       0x1c uart.elf-uart.o
 .riscv.attributes
                0x000000000000005a       0x1c uart.elf-app.o
 .riscv.attributes
                0x0000000000000076       0x1c uart.elf-counter_la_uart.o

.comment        0x0000000000000000       0x1b
 .comment       0x0000000000000000       0x1b uart.elf-isr.o
                                         0x1c (size before relaxing)
 .comment       0x000000000000001b       0x1c uart.elf-uart.o
 .comment       0x000000000000001b       0x1c uart.elf-app.o
 .comment       0x000000000000001b       0x1c uart.elf-counter_la_uart.o

.debug_line     0x0000000000000000      0xee0
 .debug_line    0x0000000000000000      0x20a uart.elf-crt0_vex.o
 .debug_line    0x000000000000020a      0x121 uart.elf-isr.o
 .debug_line    0x000000000000032b      0x378 uart.elf-uart.o
 .debug_line    0x00000000000006a3      0x3d9 uart.elf-app.o
 .debug_line    0x0000000000000a7c      0x464 uart.elf-counter_la_uart.o

.debug_line_str
                0x0000000000000000      0x103
 .debug_line_str
                0x0000000000000000       0x51 uart.elf-crt0_vex.o
 .debug_line_str
                0x0000000000000051       0x83 uart.elf-isr.o
                                        0x10c (size before relaxing)
 .debug_line_str
                0x00000000000000d4       0x83 uart.elf-uart.o
                                         0xc6 (size before relaxing)
 .debug_line_str
                0x00000000000000d4       0x1d uart.elf-app.o
                                         0xda (size before relaxing)
 .debug_line_str
                0x00000000000000f1       0x12 uart.elf-counter_la_uart.o
                                         0xe7 (size before relaxing)

.debug_info     0x0000000000000000      0x6ed
 .debug_info    0x0000000000000000       0x25 uart.elf-crt0_vex.o
 .debug_info    0x0000000000000025      0x1cc uart.elf-isr.o
 .debug_info    0x00000000000001f1      0x1bc uart.elf-uart.o
 .debug_info    0x00000000000003ad      0x269 uart.elf-app.o
 .debug_info    0x0000000000000616       0xd7 uart.elf-counter_la_uart.o

.debug_abbrev   0x0000000000000000      0x443
 .debug_abbrev  0x0000000000000000       0x14 uart.elf-crt0_vex.o
 .debug_abbrev  0x0000000000000014      0x170 uart.elf-isr.o
 .debug_abbrev  0x0000000000000184      0x141 uart.elf-uart.o
 .debug_abbrev  0x00000000000002c5       0xd1 uart.elf-app.o
 .debug_abbrev  0x0000000000000396       0xad uart.elf-counter_la_uart.o

.debug_aranges  0x0000000000000000       0xc0
 .debug_aranges
                0x0000000000000000       0x20 uart.elf-crt0_vex.o
 .debug_aranges
                0x0000000000000020       0x20 uart.elf-isr.o
 .debug_aranges
                0x0000000000000040       0x40 uart.elf-uart.o
 .debug_aranges
                0x0000000000000080       0x20 uart.elf-app.o
 .debug_aranges
                0x00000000000000a0       0x20 uart.elf-counter_la_uart.o

.debug_str      0x0000000000000000      0x2d7
 .debug_str     0x0000000000000000       0x5d uart.elf-crt0_vex.o
 .debug_str     0x000000000000005d      0x11b uart.elf-isr.o
                                        0x15c (size before relaxing)
 .debug_str     0x0000000000000178       0x31 uart.elf-uart.o
                                        0x133 (size before relaxing)
 .debug_str     0x00000000000001a9      0x120 uart.elf-app.o
                                        0x208 (size before relaxing)
 .debug_str     0x00000000000002c9        0xe uart.elf-counter_la_uart.o
                                         0xfb (size before relaxing)

.debug_loclists
                0x0000000000000000      0x24a
 .debug_loclists
                0x0000000000000000       0x52 uart.elf-isr.o
 .debug_loclists
                0x0000000000000052       0x6c uart.elf-uart.o
 .debug_loclists
                0x00000000000000be      0x159 uart.elf-app.o
 .debug_loclists
                0x0000000000000217       0x33 uart.elf-counter_la_uart.o

.debug_rnglists
                0x0000000000000000       0xb4
 .debug_rnglists
                0x0000000000000000       0x1f uart.elf-isr.o
 .debug_rnglists
                0x000000000000001f       0x69 uart.elf-uart.o
 .debug_rnglists
                0x0000000000000088       0x16 uart.elf-app.o
 .debug_rnglists
                0x000000000000009e       0x16 uart.elf-counter_la_uart.o

.debug_frame    0x0000000000000000       0xfc
 .debug_frame   0x0000000000000000       0x2c uart.elf-isr.o
 .debug_frame   0x000000000000002c       0x60 uart.elf-uart.o
 .debug_frame   0x000000000000008c       0x40 uart.elf-app.o
 .debug_frame   0x00000000000000cc       0x30 uart.elf-counter_la_uart.o
