Archive member included to satisfy reference by file (symbol)

/opt/riscv/lib/gcc/riscv32-unknown-elf/12.1.0/libgcc.a(muldi3.o)
                              uart.elf-fir.o (__mulsi3)

Memory Configuration

Name             Origin             Length             Attributes
vexriscv_debug   0x00000000f00f0000 0x0000000000000100
dff              0x0000000000000000 0x0000000000000400
dff2             0x0000000000000400 0x0000000000000200
flash            0x0000000010000000 0x0000000001000000
mprj             0x0000000030000000 0x0000000000100000
mprjram          0x0000000038000000 0x0000000000400000
hk               0x0000000026000000 0x0000000000100000
csr              0x00000000f0000000 0x0000000000010000
*default*        0x0000000000000000 0xffffffffffffffff

Linker script and memory map

                0x0000000000000000                __DYNAMIC = 0x0

.text           0x0000000010000000      0x184
                0x0000000010000000                _ftext = .
 *crt0*(.text)
 .text          0x0000000010000000      0x148 uart.elf-crt0_vex.o
                0x0000000010000000                _start
                0x0000000010000020                trap_entry
 *crt0*(.text)
 *(.text.isr)
                0x0000000010000148                _etext = .
 .text          0x0000000010000148       0x3c uart.elf-isr.o
                0x0000000010000148                isr
 .text          0x0000000010000184        0x0 uart.elf-uart.o
 .text          0x0000000010000184        0x0 uart.elf-fir.o
 .text          0x0000000010000184        0x0 uart.elf-matmul.o
 .text          0x0000000010000184        0x0 uart.elf-qsort.o
 .text          0x0000000010000184        0x0 uart.elf-counter_la_uart.o

.mprj           0x0000000010000184       0xf8
 .mprj          0x0000000010000184       0xf8 uart.elf-uart.o
                0x0000000010000184                uart_write
                0x000000001000019c                uart_write_char
                0x00000000100001d8                uart_write_string
                0x0000000010000224                uart_read_char
                0x0000000010000254                uart_read

.text.startup   0x000000001000027c      0x260
 .text.startup  0x000000001000027c      0x260 uart.elf-counter_la_uart.o
                0x000000001000027c                main

.rodata         0x00000000100004dc        0x4
                0x00000000100004e0                . = ALIGN (0x8)
 *fill*         0x00000000100004dc        0x4 
                0x00000000100004e0                _frodata = .
 *(.rodata .rodata.* .gnu.linkonce.r.*)
 *(.rodata1)
                0x00000000100004e0                . = ALIGN (0x8)
                0x00000000100004e0                _erodata = .

.data           0x0000000000000000      0x1e0 load address 0x00000000100004e0
                0x0000000000000000                . = ALIGN (0x8)
                0x0000000000000000                _fdata = .
 *(.data .data.* .gnu.linkonce.d.*)
 .data          0x0000000000000000        0x0 uart.elf-crt0_vex.o
 .data          0x0000000000000000        0x0 uart.elf-isr.o
 .data          0x0000000000000000        0x0 uart.elf-uart.o
 .data          0x0000000000000000       0xb0 uart.elf-fir.o
                0x0000000000000000                taps
                0x000000000000002c                inputs
                0x0000000000000084                inputsignal
 .data          0x00000000000000b0      0x100 uart.elf-matmul.o
                0x00000000000000b0                MatB
                0x00000000000000f0                MatA
                0x0000000000000130                Matx
 .data          0x00000000000001b0       0x28 uart.elf-qsort.o
                0x00000000000001b0                A
 .data          0x00000000000001d8        0x0 uart.elf-counter_la_uart.o
 .data          0x00000000000001d8        0x0 /opt/riscv/lib/gcc/riscv32-unknown-elf/12.1.0/libgcc.a(muldi3.o)
 *(.data1)
                0x00000000000001e0                _gp = ALIGN (0x10)
 *(.sdata .sdata.* .gnu.linkonce.s.*)
 .sdata         0x00000000000001d8        0x4 uart.elf-isr.o
                0x00000000000001d8                counter
                0x00000000000001e0                . = ALIGN (0x8)
 *fill*         0x00000000000001dc        0x4 
                0x00000000000001e0                _edata = .

.bss            0x00000000000001e0      0x170 load address 0x00000000100006c0
                0x00000000000001e0                . = ALIGN (0x8)
                0x00000000000001e0                _fbss = .
 *(.dynsbss)
 *(.sbss .sbss.* .gnu.linkonce.sb.*)
 *(.scommon)
 *(.dynbss)
 *(.bss .bss.* .gnu.linkonce.b.*)
 .bss           0x00000000000001e0        0x0 uart.elf-crt0_vex.o
 .bss           0x00000000000001e0        0x0 uart.elf-isr.o
 .bss           0x00000000000001e0        0x0 uart.elf-uart.o
 .bss           0x00000000000001e0      0x12c uart.elf-fir.o
                0x00000000000001e0                inputbuffer
                0x000000000000020c                outputsignal
 .bss           0x000000000000030c       0x40 uart.elf-matmul.o
                0x000000000000030c                result
 .bss           0x000000000000034c        0x0 uart.elf-qsort.o
 .bss           0x000000000000034c        0x0 uart.elf-counter_la_uart.o
 .bss           0x000000000000034c        0x0 /opt/riscv/lib/gcc/riscv32-unknown-elf/12.1.0/libgcc.a(muldi3.o)
 *(COMMON)
                0x0000000000000350                . = ALIGN (0x8)
 *fill*         0x000000000000034c        0x4 
                0x0000000000000350                _ebss = .
                0x0000000000000350                _end = .

.mprjram        0x0000000038000000      0x9e4 load address 0x00000000100006c0
                0x0000000038000000                . = ALIGN (0x8)
                0x0000000038000000                _fsram = .
 *libgcc.a:*(.text .text.*)
 .text          0x0000000038000000       0x24 /opt/riscv/lib/gcc/riscv32-unknown-elf/12.1.0/libgcc.a(muldi3.o)
                0x0000000038000000                __mulsi3
 .mprjram       0x0000000038000024      0x2a4 uart.elf-fir.o
                0x0000000038000024                initfir
                0x0000000038000084                firfilter
                0x0000000038000224                fir
 .mprjram       0x00000000380002c8      0x1c8 uart.elf-matmul.o
                0x00000000380002c8                matmul
 .mprjram       0x0000000038000490      0x554 uart.elf-qsort.o
                0x0000000038000490                partition
                0x00000000380006b0                sort
                0x0000000038000920                qsort
                0x0000000000000600                PROVIDE (_fstack = (ORIGIN (dff2) + LENGTH (dff2)))
                0x00000000100004e0                PROVIDE (_fdata_rom = LOADADDR (.data))
                [!provide]                        PROVIDE (_edata_rom = (LOADADDR (.data) + SIZEOF (.data)))
                0x00000000380009e4                PROVIDE (_esram = (ORIGIN (mprjram) + SIZEOF (.mprjram)))
                0x00000000100006c0                PROVIDE (_esram_rom = LOADADDR (.mprjram))
LOAD uart.elf-crt0_vex.o
LOAD uart.elf-isr.o
LOAD uart.elf-uart.o
LOAD uart.elf-fir.o
LOAD uart.elf-matmul.o
LOAD uart.elf-qsort.o
LOAD uart.elf-counter_la_uart.o
LOAD /opt/riscv/lib/gcc/riscv32-unknown-elf/12.1.0/libgcc.a
START GROUP
LOAD /opt/riscv/lib/gcc/riscv32-unknown-elf/12.1.0/../../../../riscv32-unknown-elf/lib/libc.a
LOAD /opt/riscv/lib/gcc/riscv32-unknown-elf/12.1.0/../../../../riscv32-unknown-elf/lib/libgloss.a
END GROUP
LOAD /opt/riscv/lib/gcc/riscv32-unknown-elf/12.1.0/libgcc.a
OUTPUT(uart.elf elf32-littleriscv)

.rela.dyn       0x00000000380009e4        0x0 load address 0x00000000100010a4
 .rela.text     0x00000000380009e4        0x0 uart.elf-crt0_vex.o

.riscv.attributes
                0x0000000000000000       0x20
 .riscv.attributes
                0x0000000000000000       0x1e uart.elf-crt0_vex.o
 .riscv.attributes
                0x000000000000001e       0x20 uart.elf-isr.o
 .riscv.attributes
                0x000000000000003e       0x1c uart.elf-uart.o
 .riscv.attributes
                0x000000000000005a       0x1c uart.elf-fir.o
 .riscv.attributes
                0x0000000000000076       0x1c uart.elf-matmul.o
 .riscv.attributes
                0x0000000000000092       0x1c uart.elf-qsort.o
 .riscv.attributes
                0x00000000000000ae       0x1c uart.elf-counter_la_uart.o
 .riscv.attributes
                0x00000000000000ca       0x1a /opt/riscv/lib/gcc/riscv32-unknown-elf/12.1.0/libgcc.a(muldi3.o)

.comment        0x0000000000000000       0x1b
 .comment       0x0000000000000000       0x1b uart.elf-isr.o
                                         0x1c (size before relaxing)
 .comment       0x000000000000001b       0x1c uart.elf-uart.o
 .comment       0x000000000000001b       0x1c uart.elf-fir.o
 .comment       0x000000000000001b       0x1c uart.elf-matmul.o
 .comment       0x000000000000001b       0x1c uart.elf-qsort.o
 .comment       0x000000000000001b       0x1c uart.elf-counter_la_uart.o

.debug_line     0x0000000000000000     0x2d51
 .debug_line    0x0000000000000000      0x20a uart.elf-crt0_vex.o
 .debug_line    0x000000000000020a      0x121 uart.elf-isr.o
 .debug_line    0x000000000000032b      0x378 uart.elf-uart.o
 .debug_line    0x00000000000006a3      0x8f3 uart.elf-fir.o
 .debug_line    0x0000000000000f96      0x83d uart.elf-matmul.o
 .debug_line    0x00000000000017d3      0xd95 uart.elf-qsort.o
 .debug_line    0x0000000000002568      0x76f uart.elf-counter_la_uart.o
 .debug_line    0x0000000000002cd7       0x7a /opt/riscv/lib/gcc/riscv32-unknown-elf/12.1.0/libgcc.a(muldi3.o)

.debug_line_str
                0x0000000000000000      0x19d
 .debug_line_str
                0x0000000000000000       0x46 uart.elf-crt0_vex.o
 .debug_line_str
                0x0000000000000046       0x83 uart.elf-isr.o
                                         0xf6 (size before relaxing)
 .debug_line_str
                0x00000000000000c9       0x83 uart.elf-uart.o
                                         0xb0 (size before relaxing)
 .debug_line_str
                0x00000000000000c9        0xc uart.elf-fir.o
                                         0xb3 (size before relaxing)
 .debug_line_str
                0x00000000000000d5       0x12 uart.elf-matmul.o
                                         0xbf (size before relaxing)
 .debug_line_str
                0x00000000000000e7       0x10 uart.elf-qsort.o
                                         0xbb (size before relaxing)
 .debug_line_str
                0x00000000000000f7       0x12 uart.elf-counter_la_uart.o
                                         0xd1 (size before relaxing)
 .debug_line_str
                0x0000000000000109       0x94 /opt/riscv/lib/gcc/riscv32-unknown-elf/12.1.0/libgcc.a(muldi3.o)

.debug_info     0x0000000000000000      0xa57
 .debug_info    0x0000000000000000       0x25 uart.elf-crt0_vex.o
 .debug_info    0x0000000000000025      0x1cc uart.elf-isr.o
 .debug_info    0x00000000000001f1      0x1bc uart.elf-uart.o
 .debug_info    0x00000000000003ad      0x22c uart.elf-fir.o
 .debug_info    0x00000000000005d9      0x11c uart.elf-matmul.o
 .debug_info    0x00000000000006f5      0x21a uart.elf-qsort.o
 .debug_info    0x000000000000090f      0x119 uart.elf-counter_la_uart.o
 .debug_info    0x0000000000000a28       0x2f /opt/riscv/lib/gcc/riscv32-unknown-elf/12.1.0/libgcc.a(muldi3.o)

.debug_abbrev   0x0000000000000000      0x6e4
 .debug_abbrev  0x0000000000000000       0x14 uart.elf-crt0_vex.o
 .debug_abbrev  0x0000000000000014      0x170 uart.elf-isr.o
 .debug_abbrev  0x0000000000000184      0x141 uart.elf-uart.o
 .debug_abbrev  0x00000000000002c5      0x11f uart.elf-fir.o
 .debug_abbrev  0x00000000000003e4       0xa5 uart.elf-matmul.o
 .debug_abbrev  0x0000000000000489      0x165 uart.elf-qsort.o
 .debug_abbrev  0x00000000000005ee       0xd5 uart.elf-counter_la_uart.o
 .debug_abbrev  0x00000000000006c3       0x21 /opt/riscv/lib/gcc/riscv32-unknown-elf/12.1.0/libgcc.a(muldi3.o)

.debug_aranges  0x0000000000000000      0x140
 .debug_aranges
                0x0000000000000000       0x20 uart.elf-crt0_vex.o
 .debug_aranges
                0x0000000000000020       0x20 uart.elf-isr.o
 .debug_aranges
                0x0000000000000040       0x40 uart.elf-uart.o
 .debug_aranges
                0x0000000000000080       0x30 uart.elf-fir.o
 .debug_aranges
                0x00000000000000b0       0x20 uart.elf-matmul.o
 .debug_aranges
                0x00000000000000d0       0x30 uart.elf-qsort.o
 .debug_aranges
                0x0000000000000100       0x20 uart.elf-counter_la_uart.o
 .debug_aranges
                0x0000000000000120       0x20 /opt/riscv/lib/gcc/riscv32-unknown-elf/12.1.0/libgcc.a(muldi3.o)

.debug_str      0x0000000000000000      0x2e6
 .debug_str     0x0000000000000000       0x52 uart.elf-crt0_vex.o
 .debug_str     0x0000000000000052      0x11b uart.elf-isr.o
                                        0x15c (size before relaxing)
 .debug_str     0x000000000000016d       0x31 uart.elf-uart.o
                                        0x133 (size before relaxing)
 .debug_str     0x000000000000019e       0x6d uart.elf-fir.o
                                        0x155 (size before relaxing)
 .debug_str     0x000000000000020b       0x1d uart.elf-matmul.o
                                        0x10d (size before relaxing)
 .debug_str     0x0000000000000228       0x1b uart.elf-qsort.o
                                        0x110 (size before relaxing)
 .debug_str     0x0000000000000243        0xf uart.elf-counter_la_uart.o
                                        0x109 (size before relaxing)
 .debug_str     0x0000000000000252       0x94 /opt/riscv/lib/gcc/riscv32-unknown-elf/12.1.0/libgcc.a(muldi3.o)
                                         0xa9 (size before relaxing)

.debug_loclists
                0x0000000000000000      0xf09
 .debug_loclists
                0x0000000000000000       0x52 uart.elf-isr.o
 .debug_loclists
                0x0000000000000052       0x6c uart.elf-uart.o
 .debug_loclists
                0x00000000000000be      0x2e1 uart.elf-fir.o
 .debug_loclists
                0x000000000000039f      0x24d uart.elf-matmul.o
 .debug_loclists
                0x00000000000005ec      0x8f9 uart.elf-qsort.o
 .debug_loclists
                0x0000000000000ee5       0x24 uart.elf-counter_la_uart.o

.debug_rnglists
                0x0000000000000000      0x1aa
 .debug_rnglists
                0x0000000000000000       0x1f uart.elf-isr.o
 .debug_rnglists
                0x000000000000001f       0x69 uart.elf-uart.o
 .debug_rnglists
                0x0000000000000088       0x84 uart.elf-fir.o
 .debug_rnglists
                0x000000000000010c       0x16 uart.elf-matmul.o
 .debug_rnglists
                0x0000000000000122       0x72 uart.elf-qsort.o
 .debug_rnglists
                0x0000000000000194       0x16 uart.elf-counter_la_uart.o

.debug_frame    0x0000000000000000      0x1e4
 .debug_frame   0x0000000000000000       0x2c uart.elf-isr.o
 .debug_frame   0x000000000000002c       0x60 uart.elf-uart.o
 .debug_frame   0x000000000000008c       0x80 uart.elf-fir.o
 .debug_frame   0x000000000000010c       0x38 uart.elf-matmul.o
 .debug_frame   0x0000000000000144       0x6c uart.elf-qsort.o
 .debug_frame   0x00000000000001b0       0x34 uart.elf-counter_la_uart.o
